../Core/Src/main.c:110:5:main	8	static
../Core/Src/main.c:198:6:SystemClock_Config	88	static
../Core/Src/main.c:240:13:MX_ADC1_Init	24	static
../Core/Src/main.c:293:13:MX_GPIO_Init	32	static
../Core/Src/main.c:323:6:HAL_GPIO_EXTI_Callback	16	static
../Core/Src/main.c:347:6:StartDefaultTask	16	static
../Core/Src/main.c:365:6:lcdDisplayTask	56	static
../Core/Src/main.c:414:6:AdcReadingTask	32	static
../Core/Src/main.c:477:6:HAL_TIM_PeriodElapsedCallback	16	static
../Core/Src/main.c:494:6:Error_Handler	4	static,ignoring_inline_asm
